
[0;34m================================================[0m
[0;34m  System Health Monitor — DESKTOP-TROL93S[0m
[0;34m  2026-05-10 20:15:01[0m
[0;34m================================================[0m

[0;34m[CPU][0m
[0;32m[OK][0m    CPU usage OK: 2.4%

[0;34m[Memory][0m
[0;32m[OK][0m    Memory OK: 13% used (733MB / 5863MB)

[0;34m[Disk][0m
[0;32m[OK][0m    Disk OK on /usr/lib/modules/6.6.114.1-microsoft-standard-WSL2: 0% used (2.9G free)
[0;32m[OK][0m    Disk OK on /usr/lib/wsl/drivers: 50% used (69G free)
[0;32m[OK][0m    Disk OK on /: 1% used (953G free)
[0;32m[OK][0m    Disk OK on /usr/lib/wsl/lib: 0% used (2.9G free)
[0;32m[OK][0m    Disk OK on /init: 1% used (2.9G free)
[0;32m[OK][0m    Disk OK on /mnt/wslg/versions.txt: 1% used (2.9G free)
[0;32m[OK][0m    Disk OK on /mnt/wslg/doc: 1% used (2.9G free)
[0;32m[OK][0m    Disk OK on /mnt/c: 50% used (69G free)
[1;33m[WARN][0m  Disk HIGH on /mnt/e: 80% used (80G used, 22G free)

[0;34m[Services][0m
[1;33m[WARN][0m  Service not detected: ssh
[0;32m[OK][0m    Service running: cron

[0;34m[Ports][0m
[1;33m[WARN][0m  Port 22 (SSH) not listening

[0;34m================================================[0m
 [0;31mHealth: DEGRADED[0m — 3 alert(s) found
 [1;33mReview log: /home/awais/devops-portfolio/week1-bash-toolkit/logs/health-2026-05-10.log[0m
 Log written: /home/awais/devops-portfolio/week1-bash-toolkit/logs/health-2026-05-10.log
[0;34m================================================[0m


[0;34m================================================[0m
[0;34m  System Health Monitor — DESKTOP-TROL93S[0m
[0;34m  2026-05-10 20:20:00[0m
[0;34m================================================[0m

[0;34m[CPU][0m
[0;32m[OK][0m    CPU usage OK: 0.0%

[0;34m[Memory][0m
[0;32m[OK][0m    Memory OK: 12% used (731MB / 5863MB)

[0;34m[Disk][0m
[0;32m[OK][0m    Disk OK on /usr/lib/modules/6.6.114.1-microsoft-standard-WSL2: 0% used (2.9G free)
[0;32m[OK][0m    Disk OK on /usr/lib/wsl/drivers: 50% used (69G free)
[0;32m[OK][0m    Disk OK on /: 1% used (953G free)
[0;32m[OK][0m    Disk OK on /usr/lib/wsl/lib: 0% used (2.9G free)
[0;32m[OK][0m    Disk OK on /init: 1% used (2.9G free)
[0;32m[OK][0m    Disk OK on /mnt/wslg/versions.txt: 1% used (2.9G free)
[0;32m[OK][0m    Disk OK on /mnt/wslg/doc: 1% used (2.9G free)
[0;32m[OK][0m    Disk OK on /mnt/c: 50% used (69G free)
[1;33m[WARN][0m  Disk HIGH on /mnt/e: 80% used (80G used, 22G free)

[0;34m[Services][0m
[1;33m[WARN][0m  Service not detected: ssh
[0;32m[OK][0m    Service running: cron

[0;34m[Ports][0m
[1;33m[WARN][0m  Port 22 (SSH) not listening

[0;34m================================================[0m
 [0;31mHealth: DEGRADED[0m — 3 alert(s) found
 [1;33mReview log: /home/awais/devops-portfolio/week1-bash-toolkit/logs/health-2026-05-10.log[0m
 Log written: /home/awais/devops-portfolio/week1-bash-toolkit/logs/health-2026-05-10.log
[0;34m================================================[0m


[0;34m================================================[0m
[0;34m  System Health Monitor — DESKTOP-TROL93S[0m
[0;34m  2026-05-10 20:25:00[0m
[0;34m================================================[0m

[0;34m[CPU][0m
[0;32m[OK][0m    CPU usage OK: 2.3%

[0;34m[Memory][0m
[0;32m[OK][0m    Memory OK: 12% used (728MB / 5863MB)

[0;34m[Disk][0m
[0;32m[OK][0m    Disk OK on /usr/lib/modules/6.6.114.1-microsoft-standard-WSL2: 0% used (2.9G free)
[0;32m[OK][0m    Disk OK on /usr/lib/wsl/drivers: 50% used (69G free)
[0;32m[OK][0m    Disk OK on /: 1% used (953G free)
[0;32m[OK][0m    Disk OK on /usr/lib/wsl/lib: 0% used (2.9G free)
[0;32m[OK][0m    Disk OK on /init: 1% used (2.9G free)
[0;32m[OK][0m    Disk OK on /mnt/wslg/versions.txt: 1% used (2.9G free)
[0;32m[OK][0m    Disk OK on /mnt/wslg/doc: 1% used (2.9G free)
[0;32m[OK][0m    Disk OK on /mnt/c: 50% used (69G free)
[1;33m[WARN][0m  Disk HIGH on /mnt/e: 80% used (80G used, 22G free)

[0;34m[Services][0m
[1;33m[WARN][0m  Service not detected: ssh
[0;32m[OK][0m    Service running: cron

[0;34m[Ports][0m
[1;33m[WARN][0m  Port 22 (SSH) not listening

[0;34m================================================[0m
 [0;31mHealth: DEGRADED[0m — 3 alert(s) found
 [1;33mReview log: /home/awais/devops-portfolio/week1-bash-toolkit/logs/health-2026-05-10.log[0m
 Log written: /home/awais/devops-portfolio/week1-bash-toolkit/logs/health-2026-05-10.log
[0;34m================================================[0m


[0;34m================================================[0m
[0;34m  System Health Monitor — DESKTOP-TROL93S[0m
[0;34m  2026-05-10 20:30:00[0m
[0;34m================================================[0m

[0;34m[CPU][0m
[0;32m[OK][0m    CPU usage OK: 0.0%

[0;34m[Memory][0m
[0;32m[OK][0m    Memory OK: 12% used (731MB / 5863MB)

[0;34m[Disk][0m
[0;32m[OK][0m    Disk OK on /usr/lib/modules/6.6.114.1-microsoft-standard-WSL2: 0% used (2.9G free)
[0;32m[OK][0m    Disk OK on /usr/lib/wsl/drivers: 50% used (69G free)
[0;32m[OK][0m    Disk OK on /: 1% used (953G free)
[0;32m[OK][0m    Disk OK on /usr/lib/wsl/lib: 0% used (2.9G free)
[0;32m[OK][0m    Disk OK on /init: 1% used (2.9G free)
[0;32m[OK][0m    Disk OK on /mnt/wslg/versions.txt: 1% used (2.9G free)
[0;32m[OK][0m    Disk OK on /mnt/wslg/doc: 1% used (2.9G free)
[0;32m[OK][0m    Disk OK on /mnt/c: 50% used (69G free)
[1;33m[WARN][0m  Disk HIGH on /mnt/e: 80% used (80G used, 22G free)

[0;34m[Services][0m
[1;33m[WARN][0m  Service not detected: ssh
[0;32m[OK][0m    Service running: cron

[0;34m[Ports][0m
[1;33m[WARN][0m  Port 22 (SSH) not listening

[0;34m================================================[0m
 [0;31mHealth: DEGRADED[0m — 3 alert(s) found
 [1;33mReview log: /home/awais/devops-portfolio/week1-bash-toolkit/logs/health-2026-05-10.log[0m
 Log written: /home/awais/devops-portfolio/week1-bash-toolkit/logs/health-2026-05-10.log
[0;34m================================================[0m


[0;34m================================================[0m
[0;34m  System Health Monitor — DESKTOP-TROL93S[0m
[0;34m  2026-05-10 20:35:00[0m
[0;34m================================================[0m

[0;34m[CPU][0m
[0;32m[OK][0m    CPU usage OK: 2.3%

[0;34m[Memory][0m
[0;32m[OK][0m    Memory OK: 12% used (729MB / 5863MB)

[0;34m[Disk][0m
[0;32m[OK][0m    Disk OK on /usr/lib/modules/6.6.114.1-microsoft-standard-WSL2: 0% used (2.9G free)
[0;32m[OK][0m    Disk OK on /usr/lib/wsl/drivers: 50% used (69G free)
[0;32m[OK][0m    Disk OK on /: 1% used (953G free)
[0;32m[OK][0m    Disk OK on /usr/lib/wsl/lib: 0% used (2.9G free)
[0;32m[OK][0m    Disk OK on /init: 1% used (2.9G free)
[0;32m[OK][0m    Disk OK on /mnt/wslg/versions.txt: 1% used (2.9G free)
[0;32m[OK][0m    Disk OK on /mnt/wslg/doc: 1% used (2.9G free)
[0;32m[OK][0m    Disk OK on /mnt/c: 50% used (69G free)
[1;33m[WARN][0m  Disk HIGH on /mnt/e: 80% used (80G used, 22G free)

[0;34m[Services][0m
[1;33m[WARN][0m  Service not detected: ssh
[0;32m[OK][0m    Service running: cron

[0;34m[Ports][0m
[1;33m[WARN][0m  Port 22 (SSH) not listening

[0;34m================================================[0m
 [0;31mHealth: DEGRADED[0m — 3 alert(s) found
 [1;33mReview log: /home/awais/devops-portfolio/week1-bash-toolkit/logs/health-2026-05-10.log[0m
 Log written: /home/awais/devops-portfolio/week1-bash-toolkit/logs/health-2026-05-10.log
[0;34m================================================[0m


[0;34m================================================[0m
[0;34m  System Health Monitor — DESKTOP-TROL93S[0m
[0;34m  2026-05-10 20:40:01[0m
[0;34m================================================[0m

[0;34m[CPU][0m
[0;32m[OK][0m    CPU usage OK: 0.0%

[0;34m[Memory][0m
[0;32m[OK][0m    Memory OK: 12% used (731MB / 5863MB)

[0;34m[Disk][0m
[0;32m[OK][0m    Disk OK on /usr/lib/modules/6.6.114.1-microsoft-standard-WSL2: 0% used (2.9G free)
[0;32m[OK][0m    Disk OK on /usr/lib/wsl/drivers: 50% used (69G free)
[0;32m[OK][0m    Disk OK on /: 1% used (953G free)
[0;32m[OK][0m    Disk OK on /usr/lib/wsl/lib: 0% used (2.9G free)
[0;32m[OK][0m    Disk OK on /init: 1% used (2.9G free)
[0;32m[OK][0m    Disk OK on /mnt/wslg/versions.txt: 1% used (2.9G free)
[0;32m[OK][0m    Disk OK on /mnt/wslg/doc: 1% used (2.9G free)
[0;32m[OK][0m    Disk OK on /mnt/c: 50% used (69G free)
[1;33m[WARN][0m  Disk HIGH on /mnt/e: 80% used (80G used, 22G free)

[0;34m[Services][0m
[1;33m[WARN][0m  Service not detected: ssh
[0;32m[OK][0m    Service running: cron

[0;34m[Ports][0m
[1;33m[WARN][0m  Port 22 (SSH) not listening

[0;34m================================================[0m
 [0;31mHealth: DEGRADED[0m — 3 alert(s) found
 [1;33mReview log: /home/awais/devops-portfolio/week1-bash-toolkit/logs/health-2026-05-10.log[0m
 Log written: /home/awais/devops-portfolio/week1-bash-toolkit/logs/health-2026-05-10.log
[0;34m================================================[0m

